{"0":0,"11":1000,"12":1000,"13":1000,"14":1000,"15":140723142667481,"16":3219913727,"17":100,"23":0,"25":140723142667465,"26":0,"3":93961894129728,"31":140723142676459,"33":140723143557120,"4":56,"5":11,"6":4096,"7":139762319749120,"8":0,"9":93961894140928}